

TEST 1: As a root with pids, cpuset, cpu and memory controllers.
/////////////////////////////////////////////////////////////////////////////////////////////////////////////////
root@2c9841138fca:/home# ./SNR_CONTAINER -m root -u 0 -H vong1 -p 79 -s 1 -C 10 -M 1000000 -c /bin/bash  
####### > Checking if the host Linux version is compatible...4.15.0-39-generic on x86_64.
####### > setting up SRContainer cgroups...blkio...pids...cpuset...cpu...memory...####### > setting up rlimit...successfully set up cgroup controls.
####### > child process remounting root with MS_PRIVATE...successfull remount.
####### > a bind mount is done on a newly created tmp directory...####### > changing root with pivot_root...inner mount done.
####### > unmounting old_root /oldroot.hMWyZ4...successfully setup child mounts.
####### > attempting a new user namespace...setting UID/GID mapping /proc/19496/uid_map...setting UID/GID mapping /proc/19496/gid_map...all done successfully.
####### > switching to UID 0 / GID 0...setting up usernamespace done.
bash: /root/.bashrc: Permission denied
root@vong1:/# 
root@vong1:/# cd home
root@vong1:/home# hog
Allocaion block 0 
success ..
Allocaion block 1 
success ..
Allocaion block 2 
success ..
Allocaion block 3 
success ..
Allocaion block 4 
success ..
Allocaion block 5 
success ..
Killed

root@vong1:/home# apt-get install stress
E: Could not open lock file /var/lib/dpkg/lock - open (13: Permission denied)
E: Unable to lock the administration directory (/var/lib/dpkg/), are you root?
root@vong1:/home# 
root@vong1:/home# id
uid=0(root) gid=0(root) groups=0(root)
root@vong1:/home# 
root@vong1:/home# chmod u+w a.out
chmod: changing permissions of 'a.out': Operation not permitted
root@vong1:/home# chmod o+w a.out
chmod: changing permissions of 'a.out': Operation not permitted



From host:

root@2c9841138fca:/sys/fs/cgroup# 
root@2c9841138fca:/sys/fs/cgroup# cd memory/vong1
root@2c9841138fca:/sys/fs/cgroup/memory/vong1# cat memory.limit_in_bytes 
999424
root@2c9841138fca:/sys/fs/cgroup/memory/vong1# cd ../../cpu/vong1/
root@2c9841138fca:/sys/fs/cgroup/cpu/vong1# cat cpu.shares
10
root@2c9841138fca:/sys/fs/cgroup/cpu/vong1# cd ../../cpuset/vong1/
root@2c9841138fca:/sys/fs/cgroup/cpuset/vong1# cat cpuset.mems
0
root@2c9841138fca:/sys/fs/cgroup/cpuset/vong1# cat cpuset.cpus
1
root@2c9841138fca:/sys/fs/cgroup/cpuset/vong1# cd ../../pids/vong1/
root@2c9841138fca:/sys/fs/cgroup/pids/vong1# cat pids.max
79
root@2c9841138fca:/sys/fs/cgroup/pids/vong1# 

================================================================================================
 ** works fine
////////////////////////////////////////////////////////////////////////////////////////////////


Test 2:
////////////////////////////////////////////////////////////////////////////////////////////////
oot@2c9841138fca:/home# ./SNR_CONTAINER -m root -u 0 -H test1 -C 7 -M 10000000 -w "8:0 1000" -r "8:0 1000000" -p 15 -c /bin/bash 
####### > Checking if the host Linux version is compatible...4.15.0-39-generic on x86_64.
####### > setting up SRContainer cgroups...blkio...cpu...memory...pids...####### > setting up rlimit...successfully set up cgroup controls.
####### > child process remounting root with MS_PRIVATE...successfull remount.
####### > a bind mount is done on a newly created tmp directory...####### > changing root with pivot_root...inner mount done.
####### > unmounting old_root /oldroot.RBMfTB...successfully setup child mounts.
####### > attempting a new user namespace...setting UID/GID mapping /proc/21795/uid_map...setting UID/GID mapping /proc/21795/gid_map...all done successfully.
####### > switching to UID 0 / GID 0...setting up usernamespace done.
bash: /root/.bashrc: Permission denied
root@test1:/# 
root@test1:/# 

from host:
root@2c9841138fca:/sys/fs/cgroup/blkio/test1# cat blkio.throttle.read_bps_device 
8:0 1000000
root@2c9841138fca:/sys/fs/cgroup/blkio/test1# cat blkio.throttle.write_bps_device 
8:0 1000

=====================================================================================================
 ** all good
////////////////////////////////////////////////////////////////////////////////////////////////////////////

test 3
////////////////////////////////////////////////////////////////////////////////////////////////////////////
From 1st shell:

root@2c9841138fca:/home# ./SNR_CONTAINER -m root1 -u 0 -H side1 -C 7 -M 10000000 -s 0 -p 15 -c /bin/bash 
####### > Checking if the host Linux version is compatible...4.15.0-39-generic on x86_64.
####### > setting up SRContainer cgroups...blkio...cpu...memory...pids...####### > setting up rlimit...successfully set up cgroup controls.
####### > child process remounting root with MS_PRIVATE...successfull remount.
####### > a bind mount is done on a newly created tmp directory...####### > changing root with pivot_root...inner mount done.
####### > unmounting old_root /oldroot.VcRprs...successfully setup child mounts.
####### > attempting a new user namespace...setting UID/GID mapping /proc/8115/uid_map...setting UID/GID mapping /proc/8115/gid_map...all done successfully.
####### > switching to UID 0 / GID 0...setting up usernamespace done.
bash: /root/.bashrc: Permission denied
root@side1:/#

From 2nd shell:

root@2c9841138fca:/home# ./SNR_CONTAINER -m root -u 0 -H side2 -C 3 -M 10000000 -s 0 -p 15 -c /bin/bash
####### > Checking if the host Linux version is compatible...4.15.0-39-generic on x86_64.
####### > setting up SRContainer cgroups...blkio...cpu...memory...pids...####### > setting up rlimit...successfully set up cgroup controls.
####### > child process remounting root with MS_PRIVATE...successfull remount.
####### > a bind mount is done on a newly created tmp directory...####### > changing root with pivot_root...inner mount done.
####### > unmounting old_root /oldroot.iR6Zbx...successfully setup child mounts.
####### > attempting a new user namespace...setting UID/GID mapping /proc/8118/uid_map...setting UID/GID mapping /proc/8118/gid_map...all done successfully.
####### > switching to UID 0 / GID 0...setting up usernamespace done.
bash: /root/.bashrc: Permission denied
root@side2:/#

from host:
root@2c9841138fca:/sys/fs/cgroup/cpu# cd side1
root@2c9841138fca:/sys/fs/cgroup/cpu/side1# cat cpu.shares
7
root@2c9841138fca:/sys/fs/cgroup/cpu/side1# cd ../side2
root@2c9841138fca:/sys/fs/cgroup/cpu/side2# cat cpu.shares
3
===============================================================================================================
 works fine, picture attached to show cpu shares using stress.
 
 
 ////////////////////////////////////////////////////////////////////////////////////////////////////////////////////////
 
 Michael Tested capabalities

TO DO : SYSCALL FILTERNING.


unshare 
/////////////////////////////////////////////////////////////////////////////////////////////////////////////////////////
root@2c9841138fca:/home/root/home# ./unshareSuccess 
>>> My pid: 1
root@2c9841138fca:/home/root/home# ./unshareFail    
>>> My pid: 1
root@2c9841138fca:/home/root/home# 
root@2c9841138fca:/home/root/home# cd ../..
root@2c9841138fca:/home# ./SNR_CONTAINER -m root -u 0 -H new -C 7 -M 10000000  -p 50 -s 0 -c /bin/bash 
####### > Checking if the host Linux version is compatible...4.15.0-39-generic on x86_64.
####### > setting up SRContainer cgroups...blkio...cpu...memory...pids...cpuset...####### > setting up rlimit...successfully set up cgroup controls.
####### > child process remounting root with MS_PRIVATE...successfull remount.
####### > a bind mount is done on a newly created tmp directory...####### > changing root with pivot_root...inner mount done.
####### > unmounting old_root /oldroot.SyDjAb...successfully setup child mounts.
####### > attempting a new user namespace...setting UID/GID mapping /proc/8271/uid_map...setting UID/GID mapping /proc/8271/gid_map...all done successfully.
####### > switching to UID 0 / GID 0...setting up usernamespace done.
bash: /root/.bashrc: Permission denied
root@new:/# cd home
root@new:/home# ./unshareSuccess        
>>> My pid: 3
root@new:/home# ./unshareFail 
Bad system call (core dumped)
root@new:/home# 

===================================================================================================================================
